<!DOCTYPE html>
<html lang="en">

<head>                                             
	<meta charset="UTF-8">
	<title>Golden</title>
	<link rel="stylesheet" href="style.css">
</head>
<body>


  <header>
  	<div class="container">
  		<div class="heading clearfix">
  		<a href="index.html">
  		<img src="img/logo.png" alt="Golden" class="logo">
  		</a>
            <nav>
            	<ul class="menu">
            		<li>
            			<a href="index.html">Home</a>
            		</li>
            		<li>
            			<a href="pages/page-services.html">Services</a>
            		</li>
            		<li>
            			<a href="pages/page-portfolio.html">Portfolio</a>
            		</li>
            		<li>
            			<a href="pages/page-about.html">About</a>
            		</li>
                       <li>
            			<a href="pages/page-contact.html">Contact</a>
            		</li>
            	</ul>
            </nav>

  	</div>
   <div class="title">
   	<div class="titles__first">
   		Welcome To Our Studio!
   	</div>
   	<h1>
   		it's nice to meet you
   	</h1>
  </div>
  <a href="javaScript:void(0);" class="button" onclick="reloat()">tell me more</a>
 </div>
  </header>


  <section id="services">
  	<div class="container">
  		<div class="title">
  			<h2>servises</h2>
  			<p>Lorem ipsum dolor sit amet, consectetur ai </p>
  		</div>
  		<div class="services">

  			<div class="services_item">
  			<img src="img/icon1.png" alt="услуга">
  			<h3>E-commerce</h3>	
  			<p>Lorem ipsum dolor sit amet, consectetur adipisicing elit. Eaque delectus sit nisi recusandae sint </p>
  			</div>

  			<div class="services_item">

  				<img src="img/icon2.png" alt="услуга">	
  				<h3>Responsive Web</h3>	
  			<p>Lorem ipsum dolor sit amet, consectetur adipisicing elit. Eaque delectus sit nisi recusandae sint </p>

  			</div>
  			<div class="services_item">

  				<img src="img/icon3.png" alt="услуга">	
  				<h3>Web Seccurity</h3>	
  			<p>Lorem ipsum dolor sit amet, consectetur adipisicing elit. Eaque delectus sit nisi recusandae sint </p>

  			</div>
  		</div>
  	</div>
  </section>
  <section id="portfolio">
  	<div class="container">
  		<div class="title">
  			<h2> our portfolio</h2>
  			<p>Proin iaculis purus consequat sem cure. </p>
  		</div>
  	</div>
  </section>
  <section>
  	<div class="container">
  		
  	</div>
  </section>
  <footer>
  	<div class="container">
  		
  	</div>

  </footer>
  	
  <script>
  	function reloat () {
  		window.location.reload();
  	}

  </script>
</body>

</html>